Worst paths to each PO or Reg:
============================================================================
Path:     0.00  io_fn -> io_out
Node Type            Incr  Arrival    Required   Fanout  Node Name
-------------------- ----- ---------  ---------  ------  ------------------------------
                                 0.0                     io_fn                         
unknown                0.0                            1
                                 0.0                     new_DoPrim0                   
copy,((32))            0.0                            0
                                 0.0                     io_out                        
==================== ===== =========  =========  ======  ==============================
============================================================================
Worst paths from each PI or Reg:
============================================================================
Path:     0.00  io_fn -> io_out
Node Type            Incr  Arrival    Required   Fanout  Node Name
-------------------- ----- ---------  ---------  ------  ------------------------------
                                            0.0          io_fn                         
unknown                0.0                            1
                                            0.0          new_DoPrim0                   
copy,((32))            0.0                            0
                                            0.0          io_out                        
==================== ===== =========  =========  ======  ==============================
Path:     0.00  io_in -> io_out
Node Type            Incr  Arrival    Required   Fanout  Node Name
-------------------- ----- ---------  ---------  ------  ------------------------------
                                            0.0          io_in                         
unknown                0.0                            1
                                            0.0          new_DoPrim0                   
copy,((32))            0.0                            0
                                            0.0          io_out                        
==================== ===== =========  =========  ======  ==============================
============================================================================
Worst paths to and from each node:
============================================================================
Node Type            Incr  Arrival    Required   Fanout  Node Name
-------------------- ----- ---------  ---------  ------  ------------------------------
                                 0.0                     io_fn                         
                                            0.0          io_fn                         
unknown                0.0                            1
                                            0.0          new_DoPrim0                   
copy,((32))            0.0                            0
                                            0.0          io_out                        
==================== ===== =========  =========  ======  ==============================
Node Type            Incr  Arrival    Required   Fanout  Node Name
-------------------- ----- ---------  ---------  ------  ------------------------------
                                 0.0                     io_in                         
                                            0.0          io_in                         
unknown                0.0                            1
                                            0.0          new_DoPrim0                   
copy,((32))            0.0                            0
                                            0.0          io_out                        
==================== ===== =========  =========  ======  ==============================
Node Type            Incr  Arrival    Required   Fanout  Node Name
-------------------- ----- ---------  ---------  ------  ------------------------------
                                 0.0                     io_fn                         
unknown                0.0                            1
                                 0.0                     new_DoPrim0                   
copy,((32))            0.0                            0
                                 0.0                     io_out                        
                                            0.0          io_out                        
==================== ===== =========  =========  ======  ==============================
Node Type            Incr  Arrival    Required   Fanout  Node Name
-------------------- ----- ---------  ---------  ------  ------------------------------
                                 0.0                     io_fn                         
unknown                0.0                            1
                                 0.0                     new_DoPrim0                   
                                            0.0          new_DoPrim0                   
copy,((32))            0.0                            0
                                            0.0          io_out                        
==================== ===== =========  =========  ======  ==============================
============================================================================
