Worst paths to each PO or Reg:
============================================================================
Path:    10.00  io_inst -> io_sigs_div
Node Type            Incr  Arrival    Required   Fanout  Node Name
-------------------- ----- ---------  ---------  ------  ------------------------------
                                 0.0                     io_inst                       
and,((32))             5.0                            1
                                 5.0                     _T_167                        
eq,((32))              5.0                            0
                                10.0                     io_sigs_div                   
==================== ===== =========  =========  ======  ==============================
Path:    10.00  io_inst -> io_sigs_fromint
Node Type            Incr  Arrival    Required   Fanout  Node Name
-------------------- ----- ---------  ---------  ------  ------------------------------
                                 0.0                     io_inst                       
and,((32))             5.0                            2
                                 5.0                     _T_135                        
eq,((32))              5.0                            0
                                10.0                     io_sigs_fromint               
==================== ===== =========  =========  ======  ==============================
Path:    10.00  io_inst -> io_sigs_ldst
Node Type            Incr  Arrival    Required   Fanout  Node Name
-------------------- ----- ---------  ---------  ------  ------------------------------
                                 0.0                     io_inst                       
and,((32))             5.0                            2
                                 5.0                     _T_44                         
eq,((32))              5.0                            0
                                10.0                     io_sigs_ldst                  
==================== ===== =========  =========  ======  ==============================
Path:    10.00  io_inst -> io_sigs_ren3
Node Type            Incr  Arrival    Required   Fanout  Node Name
-------------------- ----- ---------  ---------  ------  ------------------------------
                                 0.0                     io_inst                       
and,((32))             5.0                            2
                                 5.0                     _T_95                         
eq,((32))              5.0                            0
                                10.0                     io_sigs_ren3                  
==================== ===== =========  =========  ======  ==============================
Path:    10.00  io_inst -> io_sigs_sqrt
Node Type            Incr  Arrival    Required   Fanout  Node Name
-------------------- ----- ---------  ---------  ------  ------------------------------
                                 0.0                     io_inst                       
and,((32))             5.0                            2
                                 5.0                     _T_150                        
eq,((32))              5.0                            0
                                10.0                     io_sigs_sqrt                  
==================== ===== =========  =========  ======  ==============================
Path:    10.00  io_inst -> io_sigs_swap23
Node Type            Incr  Arrival    Required   Fanout  Node Name
-------------------- ----- ---------  ---------  ------  ------------------------------
                                 0.0                     io_inst                       
and,((32))             5.0                            1
                                 5.0                     _T_120                        
eq,((32))              5.0                            0
                                10.0                     io_sigs_swap23                
==================== ===== =========  =========  ======  ==============================
Path:    11.00  io_inst -> io_sigs_cmd
Node Type            Incr  Arrival    Required   Fanout  Node Name
-------------------- ----- ---------  ---------  ------  ------------------------------
                                 0.0                     io_inst                       
and,((32))             5.0                            2
                                 5.0                     _T_44                         
eq,((32))              5.0                            3
                                10.0                     decoder_1                     
or,((1,1))             1.0                            1
                                11.0                     _T_60                         
unknown                0.0                            1
                                11.0                     _T_69                         
cat,((3,2))            0.0                            0
                                11.0                     io_sigs_cmd                   
==================== ===== =========  =========  ======  ==============================
Path:    11.00  io_inst -> io_sigs_fastpipe
Node Type            Incr  Arrival    Required   Fanout  Node Name
-------------------- ----- ---------  ---------  ------  ------------------------------
                                 0.0                     io_inst                       
and,((32))             5.0                            1
                                 5.0                     _T_146                        
eq,((32))              5.0                            1
                                10.0                     _T_148                        
or,((1,1))             1.0                            0
                                11.0                     io_sigs_fastpipe              
==================== ===== =========  =========  ======  ==============================
Path:    11.00  io_inst -> io_sigs_single
Node Type            Incr  Arrival    Required   Fanout  Node Name
-------------------- ----- ---------  ---------  ------  ------------------------------
                                 0.0                     io_inst                       
and,((32))             5.0                            1
                                 5.0                     _T_125                        
eq,((32))              5.0                            1
                                10.0                     _T_127                        
or,((1,1))             1.0                            0
                                11.0                     io_sigs_single                
==================== ===== =========  =========  ======  ==============================
Path:    11.00  io_inst -> io_sigs_swap12
Node Type            Incr  Arrival    Required   Fanout  Node Name
-------------------- ----- ---------  ---------  ------  ------------------------------
                                 0.0                     io_inst                       
and,((32))             5.0                            2
                                 5.0                     _T_44                         
eq,((32))              5.0                            3
                                10.0                     decoder_1                     
or,((1,1))             1.0                            0
                                11.0                     io_sigs_swap12                
==================== ===== =========  =========  ======  ==============================
Path:    11.00  io_inst -> io_sigs_toint
Node Type            Incr  Arrival    Required   Fanout  Node Name
-------------------- ----- ---------  ---------  ------  ------------------------------
                                 0.0                     io_inst                       
and,((32))             5.0                            1
                                 5.0                     _T_106                        
eq,((32))              5.0                            2
                                10.0                     _T_108                        
or,((1,1))             1.0                            0
                                11.0                     io_sigs_toint                 
==================== ===== =========  =========  ======  ==============================
Path:    12.00  io_inst -> io_sigs_fma
Node Type            Incr  Arrival    Required   Fanout  Node Name
-------------------- ----- ---------  ---------  ------  ------------------------------
                                 0.0                     io_inst                       
and,((32))             5.0                            1
                                 5.0                     _T_156                        
eq,((32))              5.0                            1
                                10.0                     _T_158                        
or,((1,1))             1.0                            1
                                11.0                     _T_165                        
or,((1,1))             1.0                            0
                                12.0                     io_sigs_fma                   
==================== ===== =========  =========  ======  ==============================
Path:    12.00  io_inst -> io_sigs_ren1
Node Type            Incr  Arrival    Required   Fanout  Node Name
-------------------- ----- ---------  ---------  ------  ------------------------------
                                 0.0                     io_inst                       
and,((32))             5.0                            1
                                 5.0                     _T_87                         
eq,((32))              5.0                            1
                                10.0                     _T_89                         
or,((1,1))             1.0                            1
                                11.0                     _T_100                        
or,((1,1))             1.0                            0
                                12.0                     io_sigs_ren1                  
==================== ===== =========  =========  ======  ==============================
Path:    12.00  io_inst -> io_sigs_ren2
Node Type            Incr  Arrival    Required   Fanout  Node Name
-------------------- ----- ---------  ---------  ------  ------------------------------
                                 0.0                     io_inst                       
and,((32))             5.0                            1
                                 5.0                     _T_102                        
eq,((32))              5.0                            1
                                10.0                     _T_104                        
or,((1,1))             1.0                            1
                                11.0                     _T_111                        
or,((1,1))             1.0                            0
                                12.0                     io_sigs_ren2                  
==================== ===== =========  =========  ======  ==============================
Path:    12.00  io_inst -> io_sigs_wen
Node Type            Incr  Arrival    Required   Fanout  Node Name
-------------------- ----- ---------  ---------  ------  ------------------------------
                                 0.0                     io_inst                       
and,((32))             5.0                            1
                                 5.0                     _T_72                         
eq,((32))              5.0                            1
                                10.0                     _T_74                         
or,((1,1))             1.0                            1
                                11.0                     _T_85                         
or,((1,1))             1.0                            0
                                12.0                     io_sigs_wen                   
==================== ===== =========  =========  ======  ==============================
Path:    13.00  io_inst -> io_sigs_wflags
Node Type            Incr  Arrival    Required   Fanout  Node Name
-------------------- ----- ---------  ---------  ------  ------------------------------
                                 0.0                     io_inst                       
and,((32))             5.0                            1
                                 5.0                     _T_177                        
eq,((32))              5.0                            1
                                10.0                     _T_179                        
or,((1,1))             1.0                            1
                                11.0                     _T_190                        
or,((1,1))             1.0                            1
                                12.0                     _T_191                        
or,((1,1))             1.0                            0
                                13.0                     io_sigs_wflags                
==================== ===== =========  =========  ======  ==============================
============================================================================
Worst paths from each PI or Reg:
============================================================================
Path:    13.00  io_inst -> io_sigs_wflags
Node Type            Incr  Arrival    Required   Fanout  Node Name
-------------------- ----- ---------  ---------  ------  ------------------------------
                                           13.0          io_inst                       
and,((32))             5.0                            2
                                            8.0          _T_95                         
eq,((32))              5.0                            4
                                            3.0          decoder_5                     
or,((1,1))             1.0                            1
                                            2.0          _T_190                        
or,((1,1))             1.0                            1
                                            1.0          _T_191                        
or,((1,1))             1.0                            0
                                            0.0          io_sigs_wflags                
==================== ===== =========  =========  ======  ==============================
============================================================================
Worst paths to and from each node:
============================================================================
Node Type            Incr  Arrival    Required   Fanout  Node Name
-------------------- ----- ---------  ---------  ------  ------------------------------
                                 0.0                     io_inst                       
and,((32))             5.0                            1
                                 5.0                     _T_177                        
                                            8.0          _T_177                        
eq,((32))              5.0                            1
                                            3.0          _T_179                        
or,((1,1))             1.0                            1
                                            2.0          _T_190                        
or,((1,1))             1.0                            1
                                            1.0          _T_191                        
or,((1,1))             1.0                            0
                                            0.0          io_sigs_wflags                
==================== ===== =========  =========  ======  ==============================
Node Type            Incr  Arrival    Required   Fanout  Node Name
-------------------- ----- ---------  ---------  ------  ------------------------------
                                 0.0                     io_inst                       
and,((32))             5.0                            1
                                 5.0                     _T_177                        
eq,((32))              5.0                            1
                                10.0                     _T_179                        
                                            3.0          _T_179                        
or,((1,1))             1.0                            1
                                            2.0          _T_190                        
or,((1,1))             1.0                            1
                                            1.0          _T_191                        
or,((1,1))             1.0                            0
                                            0.0          io_sigs_wflags                
==================== ===== =========  =========  ======  ==============================
Node Type            Incr  Arrival    Required   Fanout  Node Name
-------------------- ----- ---------  ---------  ------  ------------------------------
                                 0.0                     io_inst                       
and,((32))             5.0                            1
                                 5.0                     _T_177                        
eq,((32))              5.0                            1
                                10.0                     _T_179                        
or,((1,1))             1.0                            1
                                11.0                     _T_190                        
                                            2.0          _T_190                        
or,((1,1))             1.0                            1
                                            1.0          _T_191                        
or,((1,1))             1.0                            0
                                            0.0          io_sigs_wflags                
==================== ===== =========  =========  ======  ==============================
Node Type            Incr  Arrival    Required   Fanout  Node Name
-------------------- ----- ---------  ---------  ------  ------------------------------
                                 0.0                     io_inst                       
and,((32))             5.0                            1
                                 5.0                     _T_177                        
eq,((32))              5.0                            1
                                10.0                     _T_179                        
or,((1,1))             1.0                            1
                                11.0                     _T_190                        
or,((1,1))             1.0                            1
                                12.0                     _T_191                        
                                            1.0          _T_191                        
or,((1,1))             1.0                            0
                                            0.0          io_sigs_wflags                
==================== ===== =========  =========  ======  ==============================
Node Type            Incr  Arrival    Required   Fanout  Node Name
-------------------- ----- ---------  ---------  ------  ------------------------------
                                 0.0                     io_inst                       
and,((32))             5.0                            2
                                 5.0                     _T_95                         
                                            8.0          _T_95                         
eq,((32))              5.0                            4
                                            3.0          decoder_5                     
or,((1,1))             1.0                            1
                                            2.0          _T_190                        
or,((1,1))             1.0                            1
                                            1.0          _T_191                        
or,((1,1))             1.0                            0
                                            0.0          io_sigs_wflags                
==================== ===== =========  =========  ======  ==============================
Node Type            Incr  Arrival    Required   Fanout  Node Name
-------------------- ----- ---------  ---------  ------  ------------------------------
                                 0.0                     io_inst                       
and,((32))             5.0                            2
                                 5.0                     _T_95                         
eq,((32))              5.0                            4
                                10.0                     decoder_5                     
                                            3.0          decoder_5                     
or,((1,1))             1.0                            1
                                            2.0          _T_190                        
or,((1,1))             1.0                            1
                                            1.0          _T_191                        
or,((1,1))             1.0                            0
                                            0.0          io_sigs_wflags                
==================== ===== =========  =========  ======  ==============================
Node Type            Incr  Arrival    Required   Fanout  Node Name
-------------------- ----- ---------  ---------  ------  ------------------------------
                                 0.0                     io_inst                       
                                           13.0          io_inst                       
and,((32))             5.0                            2
                                            8.0          _T_95                         
eq,((32))              5.0                            4
                                            3.0          decoder_5                     
or,((1,1))             1.0                            1
                                            2.0          _T_190                        
or,((1,1))             1.0                            1
                                            1.0          _T_191                        
or,((1,1))             1.0                            0
                                            0.0          io_sigs_wflags                
==================== ===== =========  =========  ======  ==============================
Node Type            Incr  Arrival    Required   Fanout  Node Name
-------------------- ----- ---------  ---------  ------  ------------------------------
                                 0.0                     io_inst                       
and,((32))             5.0                            1
                                 5.0                     _T_177                        
eq,((32))              5.0                            1
                                10.0                     _T_179                        
or,((1,1))             1.0                            1
                                11.0                     _T_190                        
or,((1,1))             1.0                            1
                                12.0                     _T_191                        
or,((1,1))             1.0                            0
                                13.0                     io_sigs_wflags                
                                            0.0          io_sigs_wflags                
==================== ===== =========  =========  ======  ==============================
Node Type            Incr  Arrival    Required   Fanout  Node Name
-------------------- ----- ---------  ---------  ------  ------------------------------
                                 0.0                     io_inst                       
and,((32))             5.0                            1
                                 5.0                     _T_87                         
eq,((32))              5.0                            1
                                10.0                     _T_89                         
or,((1,1))             1.0                            1
                                11.0                     _T_100                        
                                            1.0          _T_100                        
or,((1,1))             1.0                            0
                                            0.0          io_sigs_ren1                  
==================== ===== =========  =========  ======  ==============================
Node Type            Incr  Arrival    Required   Fanout  Node Name
-------------------- ----- ---------  ---------  ------  ------------------------------
                                 0.0                     io_inst                       
and,((32))             5.0                            1
                                 5.0                     _T_102                        
                                            7.0          _T_102                        
eq,((32))              5.0                            1
                                            2.0          _T_104                        
or,((1,1))             1.0                            1
                                            1.0          _T_111                        
or,((1,1))             1.0                            0
                                            0.0          io_sigs_ren2                  
==================== ===== =========  =========  ======  ==============================
Node Type            Incr  Arrival    Required   Fanout  Node Name
-------------------- ----- ---------  ---------  ------  ------------------------------
                                 0.0                     io_inst                       
and,((32))             5.0                            1
                                 5.0                     _T_102                        
eq,((32))              5.0                            1
                                10.0                     _T_104                        
                                            2.0          _T_104                        
or,((1,1))             1.0                            1
                                            1.0          _T_111                        
or,((1,1))             1.0                            0
                                            0.0          io_sigs_ren2                  
==================== ===== =========  =========  ======  ==============================
Node Type            Incr  Arrival    Required   Fanout  Node Name
-------------------- ----- ---------  ---------  ------  ------------------------------
                                 0.0                     io_inst                       
and,((32))             5.0                            1
                                 5.0                     _T_106                        
                                            7.0          _T_106                        
eq,((32))              5.0                            2
                                            2.0          _T_108                        
or,((1,1))             1.0                            1
                                            1.0          _T_111                        
or,((1,1))             1.0                            0
                                            0.0          io_sigs_ren2                  
==================== ===== =========  =========  ======  ==============================
Node Type            Incr  Arrival    Required   Fanout  Node Name
-------------------- ----- ---------  ---------  ------  ------------------------------
                                 0.0                     io_inst                       
and,((32))             5.0                            1
                                 5.0                     _T_106                        
eq,((32))              5.0                            2
                                10.0                     _T_108                        
                                            2.0          _T_108                        
or,((1,1))             1.0                            1
                                            1.0          _T_111                        
or,((1,1))             1.0                            0
                                            0.0          io_sigs_ren2                  
==================== ===== =========  =========  ======  ==============================
Node Type            Incr  Arrival    Required   Fanout  Node Name
-------------------- ----- ---------  ---------  ------  ------------------------------
                                 0.0                     io_inst                       
and,((32))             5.0                            1
                                 5.0                     _T_102                        
eq,((32))              5.0                            1
                                10.0                     _T_104                        
or,((1,1))             1.0                            1
                                11.0                     _T_111                        
                                            1.0          _T_111                        
or,((1,1))             1.0                            0
                                            0.0          io_sigs_ren2                  
==================== ===== =========  =========  ======  ==============================
Node Type            Incr  Arrival    Required   Fanout  Node Name
-------------------- ----- ---------  ---------  ------  ------------------------------
                                 0.0                     io_inst                       
and,((32))             5.0                            1
                                 5.0                     _T_156                        
                                            7.0          _T_156                        
eq,((32))              5.0                            1
                                            2.0          _T_158                        
or,((1,1))             1.0                            1
                                            1.0          _T_165                        
or,((1,1))             1.0                            0
                                            0.0          io_sigs_fma                   
==================== ===== =========  =========  ======  ==============================
Node Type            Incr  Arrival    Required   Fanout  Node Name
-------------------- ----- ---------  ---------  ------  ------------------------------
                                 0.0                     io_inst                       
and,((32))             5.0                            1
                                 5.0                     _T_156                        
eq,((32))              5.0                            1
                                10.0                     _T_158                        
                                            2.0          _T_158                        
or,((1,1))             1.0                            1
                                            1.0          _T_165                        
or,((1,1))             1.0                            0
                                            0.0          io_sigs_fma                   
==================== ===== =========  =========  ======  ==============================
Node Type            Incr  Arrival    Required   Fanout  Node Name
-------------------- ----- ---------  ---------  ------  ------------------------------
                                 0.0                     io_inst                       
and,((32))             5.0                            1
                                 5.0                     _T_160                        
                                            7.0          _T_160                        
eq,((32))              5.0                            1
                                            2.0          _T_162                        
or,((1,1))             1.0                            1
                                            1.0          _T_165                        
or,((1,1))             1.0                            0
                                            0.0          io_sigs_fma                   
==================== ===== =========  =========  ======  ==============================
Node Type            Incr  Arrival    Required   Fanout  Node Name
-------------------- ----- ---------  ---------  ------  ------------------------------
                                 0.0                     io_inst                       
and,((32))             5.0                            1
                                 5.0                     _T_160                        
eq,((32))              5.0                            1
                                10.0                     _T_162                        
                                            2.0          _T_162                        
or,((1,1))             1.0                            1
                                            1.0          _T_165                        
or,((1,1))             1.0                            0
                                            0.0          io_sigs_fma                   
==================== ===== =========  =========  ======  ==============================
Node Type            Incr  Arrival    Required   Fanout  Node Name
-------------------- ----- ---------  ---------  ------  ------------------------------
                                 0.0                     io_inst                       
and,((32))             5.0                            1
                                 5.0                     _T_156                        
eq,((32))              5.0                            1
                                10.0                     _T_158                        
or,((1,1))             1.0                            1
                                11.0                     _T_165                        
                                            1.0          _T_165                        
or,((1,1))             1.0                            0
                                            0.0          io_sigs_fma                   
==================== ===== =========  =========  ======  ==============================
Node Type            Incr  Arrival    Required   Fanout  Node Name
-------------------- ----- ---------  ---------  ------  ------------------------------
                                 0.0                     io_inst                       
and,((32))             5.0                            1
                                 5.0                     _T_181                        
                                            7.0          _T_181                        
eq,((32))              5.0                            1
                                            2.0          _T_183                        
or,((1,1))             1.0                            1
                                            1.0          _T_191                        
or,((1,1))             1.0                            0
                                            0.0          io_sigs_wflags                
==================== ===== =========  =========  ======  ==============================
Node Type            Incr  Arrival    Required   Fanout  Node Name
-------------------- ----- ---------  ---------  ------  ------------------------------
                                 0.0                     io_inst                       
and,((32))             5.0                            1
                                 5.0                     _T_181                        
eq,((32))              5.0                            1
                                10.0                     _T_183                        
                                            2.0          _T_183                        
or,((1,1))             1.0                            1
                                            1.0          _T_191                        
or,((1,1))             1.0                            0
                                            0.0          io_sigs_wflags                
==================== ===== =========  =========  ======  ==============================
Node Type            Incr  Arrival    Required   Fanout  Node Name
-------------------- ----- ---------  ---------  ------  ------------------------------
                                 0.0                     io_inst                       
and,((32))             5.0                            1
                                 5.0                     _T_72                         
                                            7.0          _T_72                         
eq,((32))              5.0                            1
                                            2.0          _T_74                         
or,((1,1))             1.0                            1
                                            1.0          _T_85                         
or,((1,1))             1.0                            0
                                            0.0          io_sigs_wen                   
==================== ===== =========  =========  ======  ==============================
Node Type            Incr  Arrival    Required   Fanout  Node Name
-------------------- ----- ---------  ---------  ------  ------------------------------
                                 0.0                     io_inst                       
and,((32))             5.0                            1
                                 5.0                     _T_72                         
eq,((32))              5.0                            1
                                10.0                     _T_74                         
                                            2.0          _T_74                         
or,((1,1))             1.0                            1
                                            1.0          _T_85                         
or,((1,1))             1.0                            0
                                            0.0          io_sigs_wen                   
==================== ===== =========  =========  ======  ==============================
Node Type            Incr  Arrival    Required   Fanout  Node Name
-------------------- ----- ---------  ---------  ------  ------------------------------
                                 0.0                     io_inst                       
and,((32))             5.0                            1
                                 5.0                     _T_76                         
                                            7.0          _T_76                         
eq,((32))              5.0                            1
                                            2.0          _T_78                         
or,((1,1))             1.0                            1
                                            1.0          _T_85                         
or,((1,1))             1.0                            0
                                            0.0          io_sigs_wen                   
==================== ===== =========  =========  ======  ==============================
Node Type            Incr  Arrival    Required   Fanout  Node Name
-------------------- ----- ---------  ---------  ------  ------------------------------
                                 0.0                     io_inst                       
and,((32))             5.0                            1
                                 5.0                     _T_76                         
eq,((32))              5.0                            1
                                10.0                     _T_78                         
                                            2.0          _T_78                         
or,((1,1))             1.0                            1
                                            1.0          _T_85                         
or,((1,1))             1.0                            0
                                            0.0          io_sigs_wen                   
==================== ===== =========  =========  ======  ==============================
Node Type            Incr  Arrival    Required   Fanout  Node Name
-------------------- ----- ---------  ---------  ------  ------------------------------
                                 0.0                     io_inst                       
and,((32))             5.0                            1
                                 5.0                     _T_72                         
eq,((32))              5.0                            1
                                10.0                     _T_74                         
or,((1,1))             1.0                            1
                                11.0                     _T_85                         
                                            1.0          _T_85                         
or,((1,1))             1.0                            0
                                            0.0          io_sigs_wen                   
==================== ===== =========  =========  ======  ==============================
Node Type            Incr  Arrival    Required   Fanout  Node Name
-------------------- ----- ---------  ---------  ------  ------------------------------
                                 0.0                     io_inst                       
and,((32))             5.0                            1
                                 5.0                     _T_87                         
                                            7.0          _T_87                         
eq,((32))              5.0                            1
                                            2.0          _T_89                         
or,((1,1))             1.0                            1
                                            1.0          _T_100                        
or,((1,1))             1.0                            0
                                            0.0          io_sigs_ren1                  
==================== ===== =========  =========  ======  ==============================
Node Type            Incr  Arrival    Required   Fanout  Node Name
-------------------- ----- ---------  ---------  ------  ------------------------------
                                 0.0                     io_inst                       
and,((32))             5.0                            1
                                 5.0                     _T_87                         
eq,((32))              5.0                            1
                                10.0                     _T_89                         
                                            2.0          _T_89                         
or,((1,1))             1.0                            1
                                            1.0          _T_100                        
or,((1,1))             1.0                            0
                                            0.0          io_sigs_ren1                  
==================== ===== =========  =========  ======  ==============================
Node Type            Incr  Arrival    Required   Fanout  Node Name
-------------------- ----- ---------  ---------  ------  ------------------------------
                                 0.0                     io_inst                       
and,((32))             5.0                            1
                                 5.0                     _T_91                         
                                            7.0          _T_91                         
eq,((32))              5.0                            1
                                            2.0          _T_93                         
or,((1,1))             1.0                            1
                                            1.0          _T_100                        
or,((1,1))             1.0                            0
                                            0.0          io_sigs_ren1                  
==================== ===== =========  =========  ======  ==============================
Node Type            Incr  Arrival    Required   Fanout  Node Name
-------------------- ----- ---------  ---------  ------  ------------------------------
                                 0.0                     io_inst                       
and,((32))             5.0                            1
                                 5.0                     _T_91                         
eq,((32))              5.0                            1
                                10.0                     _T_93                         
                                            2.0          _T_93                         
or,((1,1))             1.0                            1
                                            1.0          _T_100                        
or,((1,1))             1.0                            0
                                            0.0          io_sigs_ren1                  
==================== ===== =========  =========  ======  ==============================
Node Type            Incr  Arrival    Required   Fanout  Node Name
-------------------- ----- ---------  ---------  ------  ------------------------------
                                 0.0                     io_inst                       
and,((32))             5.0                            1
                                 5.0                     _T_156                        
eq,((32))              5.0                            1
                                10.0                     _T_158                        
or,((1,1))             1.0                            1
                                11.0                     _T_165                        
or,((1,1))             1.0                            0
                                12.0                     io_sigs_fma                   
                                            0.0          io_sigs_fma                   
==================== ===== =========  =========  ======  ==============================
Node Type            Incr  Arrival    Required   Fanout  Node Name
-------------------- ----- ---------  ---------  ------  ------------------------------
                                 0.0                     io_inst                       
and,((32))             5.0                            1
                                 5.0                     _T_87                         
eq,((32))              5.0                            1
                                10.0                     _T_89                         
or,((1,1))             1.0                            1
                                11.0                     _T_100                        
or,((1,1))             1.0                            0
                                12.0                     io_sigs_ren1                  
                                            0.0          io_sigs_ren1                  
==================== ===== =========  =========  ======  ==============================
Node Type            Incr  Arrival    Required   Fanout  Node Name
-------------------- ----- ---------  ---------  ------  ------------------------------
                                 0.0                     io_inst                       
and,((32))             5.0                            1
                                 5.0                     _T_102                        
eq,((32))              5.0                            1
                                10.0                     _T_104                        
or,((1,1))             1.0                            1
                                11.0                     _T_111                        
or,((1,1))             1.0                            0
                                12.0                     io_sigs_ren2                  
                                            0.0          io_sigs_ren2                  
==================== ===== =========  =========  ======  ==============================
Node Type            Incr  Arrival    Required   Fanout  Node Name
-------------------- ----- ---------  ---------  ------  ------------------------------
                                 0.0                     io_inst                       
and,((32))             5.0                            1
                                 5.0                     _T_72                         
eq,((32))              5.0                            1
                                10.0                     _T_74                         
or,((1,1))             1.0                            1
                                11.0                     _T_85                         
or,((1,1))             1.0                            0
                                12.0                     io_sigs_wen                   
                                            0.0          io_sigs_wen                   
==================== ===== =========  =========  ======  ==============================
Node Type            Incr  Arrival    Required   Fanout  Node Name
-------------------- ----- ---------  ---------  ------  ------------------------------
                                 0.0                     io_inst                       
and,((32))             5.0                            1
                                 5.0                     _T_114                        
                                            6.0          _T_114                        
eq,((32))              5.0                            1
                                            1.0          _T_116                        
or,((1,1))             1.0                            0
                                            0.0          io_sigs_swap12                
==================== ===== =========  =========  ======  ==============================
Node Type            Incr  Arrival    Required   Fanout  Node Name
-------------------- ----- ---------  ---------  ------  ------------------------------
                                 0.0                     io_inst                       
and,((32))             5.0                            1
                                 5.0                     _T_114                        
eq,((32))              5.0                            1
                                10.0                     _T_116                        
                                            1.0          _T_116                        
or,((1,1))             1.0                            0
                                            0.0          io_sigs_swap12                
==================== ===== =========  =========  ======  ==============================
Node Type            Incr  Arrival    Required   Fanout  Node Name
-------------------- ----- ---------  ---------  ------  ------------------------------
                                 0.0                     io_inst                       
and,((32))             5.0                            1
                                 5.0                     _T_125                        
                                            6.0          _T_125                        
eq,((32))              5.0                            1
                                            1.0          _T_127                        
or,((1,1))             1.0                            0
                                            0.0          io_sigs_single                
==================== ===== =========  =========  ======  ==============================
Node Type            Incr  Arrival    Required   Fanout  Node Name
-------------------- ----- ---------  ---------  ------  ------------------------------
                                 0.0                     io_inst                       
and,((32))             5.0                            1
                                 5.0                     _T_125                        
eq,((32))              5.0                            1
                                10.0                     _T_127                        
                                            1.0          _T_127                        
or,((1,1))             1.0                            0
                                            0.0          io_sigs_single                
==================== ===== =========  =========  ======  ==============================
Node Type            Incr  Arrival    Required   Fanout  Node Name
-------------------- ----- ---------  ---------  ------  ------------------------------
                                 0.0                     io_inst                       
and,((32))             5.0                            1
                                 5.0                     _T_129                        
                                            6.0          _T_129                        
eq,((32))              5.0                            1
                                            1.0          _T_131                        
or,((1,1))             1.0                            0
                                            0.0          io_sigs_single                
==================== ===== =========  =========  ======  ==============================
Node Type            Incr  Arrival    Required   Fanout  Node Name
-------------------- ----- ---------  ---------  ------  ------------------------------
                                 0.0                     io_inst                       
and,((32))             5.0                            1
                                 5.0                     _T_129                        
eq,((32))              5.0                            1
                                10.0                     _T_131                        
                                            1.0          _T_131                        
or,((1,1))             1.0                            0
                                            0.0          io_sigs_single                
==================== ===== =========  =========  ======  ==============================
Node Type            Incr  Arrival    Required   Fanout  Node Name
-------------------- ----- ---------  ---------  ------  ------------------------------
                                 0.0                     io_inst                       
and,((32))             5.0                            2
                                 5.0                     _T_135                        
                                            6.0          _T_135                        
eq,((32))              5.0                            1
                                            1.0          _T_142                        
or,((1,1))             1.0                            0
                                            0.0          io_sigs_toint                 
==================== ===== =========  =========  ======  ==============================
Node Type            Incr  Arrival    Required   Fanout  Node Name
-------------------- ----- ---------  ---------  ------  ------------------------------
                                 0.0                     io_inst                       
and,((32))             5.0                            2
                                 5.0                     _T_135                        
eq,((32))              5.0                            1
                                10.0                     _T_142                        
                                            1.0          _T_142                        
or,((1,1))             1.0                            0
                                            0.0          io_sigs_toint                 
==================== ===== =========  =========  ======  ==============================
Node Type            Incr  Arrival    Required   Fanout  Node Name
-------------------- ----- ---------  ---------  ------  ------------------------------
                                 0.0                     io_inst                       
and,((32))             5.0                            1
                                 5.0                     _T_146                        
                                            6.0          _T_146                        
eq,((32))              5.0                            1
                                            1.0          _T_148                        
or,((1,1))             1.0                            0
                                            0.0          io_sigs_fastpipe              
==================== ===== =========  =========  ======  ==============================
Node Type            Incr  Arrival    Required   Fanout  Node Name
-------------------- ----- ---------  ---------  ------  ------------------------------
                                 0.0                     io_inst                       
and,((32))             5.0                            1
                                 5.0                     _T_146                        
eq,((32))              5.0                            1
                                10.0                     _T_148                        
                                            1.0          _T_148                        
or,((1,1))             1.0                            0
                                            0.0          io_sigs_fastpipe              
==================== ===== =========  =========  ======  ==============================
Node Type            Incr  Arrival    Required   Fanout  Node Name
-------------------- ----- ---------  ---------  ------  ------------------------------
                                 0.0                     io_inst                       
and,((32))             5.0                            2
                                 5.0                     _T_150                        
                                            6.0          _T_150                        
eq,((32))              5.0                            1
                                            1.0          _T_152                        
or,((1,1))             1.0                            0
                                            0.0          io_sigs_fastpipe              
==================== ===== =========  =========  ======  ==============================
Node Type            Incr  Arrival    Required   Fanout  Node Name
-------------------- ----- ---------  ---------  ------  ------------------------------
                                 0.0                     io_inst                       
and,((32))             5.0                            2
                                 5.0                     _T_150                        
eq,((32))              5.0                            1
                                10.0                     _T_152                        
                                            1.0          _T_152                        
or,((1,1))             1.0                            0
                                            0.0          io_sigs_fastpipe              
==================== ===== =========  =========  ======  ==============================
Node Type            Incr  Arrival    Required   Fanout  Node Name
-------------------- ----- ---------  ---------  ------  ------------------------------
                                 0.0                     io_inst                       
and,((32))             5.0                            1
                                 5.0                     _T_185                        
                                            6.0          _T_185                        
eq,((32))              5.0                            1
                                            1.0          _T_187                        
or,((1,1))             1.0                            0
                                            0.0          io_sigs_wflags                
==================== ===== =========  =========  ======  ==============================
Node Type            Incr  Arrival    Required   Fanout  Node Name
-------------------- ----- ---------  ---------  ------  ------------------------------
                                 0.0                     io_inst                       
and,((32))             5.0                            1
                                 5.0                     _T_185                        
eq,((32))              5.0                            1
                                10.0                     _T_187                        
                                            1.0          _T_187                        
or,((1,1))             1.0                            0
                                            0.0          io_sigs_wflags                
==================== ===== =========  =========  ======  ==============================
Node Type            Incr  Arrival    Required   Fanout  Node Name
-------------------- ----- ---------  ---------  ------  ------------------------------
                                 0.0                     io_inst                       
and,((32))             5.0                            1
                                 5.0                     _T_22                         
                                            6.0          _T_22                         
eq,((32))              5.0                            1
                                            1.0          _T_24                         
or,((1,1))             1.0                            1
                                            0.0          _T_31                         
cat,((1,1))            0.0                            1
                                            0.0          _T_67                         
cat,((3,2))            0.0                            0
                                            0.0          io_sigs_cmd                   
==================== ===== =========  =========  ======  ==============================
Node Type            Incr  Arrival    Required   Fanout  Node Name
-------------------- ----- ---------  ---------  ------  ------------------------------
                                 0.0                     io_inst                       
and,((32))             5.0                            1
                                 5.0                     _T_22                         
eq,((32))              5.0                            1
                                10.0                     _T_24                         
                                            1.0          _T_24                         
or,((1,1))             1.0                            1
                                            0.0          _T_31                         
cat,((1,1))            0.0                            1
                                            0.0          _T_67                         
cat,((3,2))            0.0                            0
                                            0.0          io_sigs_cmd                   
==================== ===== =========  =========  ======  ==============================
Node Type            Incr  Arrival    Required   Fanout  Node Name
-------------------- ----- ---------  ---------  ------  ------------------------------
                                 0.0                     io_inst                       
and,((32))             5.0                            1
                                 5.0                     _T_26                         
                                            6.0          _T_26                         
eq,((32))              5.0                            1
                                            1.0          _T_28                         
or,((1,1))             1.0                            1
                                            0.0          _T_31                         
cat,((1,1))            0.0                            1
                                            0.0          _T_67                         
cat,((3,2))            0.0                            0
                                            0.0          io_sigs_cmd                   
==================== ===== =========  =========  ======  ==============================
Node Type            Incr  Arrival    Required   Fanout  Node Name
-------------------- ----- ---------  ---------  ------  ------------------------------
                                 0.0                     io_inst                       
and,((32))             5.0                            1
                                 5.0                     _T_26                         
eq,((32))              5.0                            1
                                10.0                     _T_28                         
                                            1.0          _T_28                         
or,((1,1))             1.0                            1
                                            0.0          _T_31                         
cat,((1,1))            0.0                            1
                                            0.0          _T_67                         
cat,((3,2))            0.0                            0
                                            0.0          io_sigs_cmd                   
==================== ===== =========  =========  ======  ==============================
Node Type            Incr  Arrival    Required   Fanout  Node Name
-------------------- ----- ---------  ---------  ------  ------------------------------
                                 0.0                     io_inst                       
and,((32))             5.0                            1
                                 5.0                     _T_22                         
eq,((32))              5.0                            1
                                10.0                     _T_24                         
or,((1,1))             1.0                            1
                                11.0                     _T_31                         
                                            0.0          _T_31                         
cat,((1,1))            0.0                            1
                                            0.0          _T_67                         
cat,((3,2))            0.0                            0
                                            0.0          io_sigs_cmd                   
==================== ===== =========  =========  ======  ==============================
Node Type            Incr  Arrival    Required   Fanout  Node Name
-------------------- ----- ---------  ---------  ------  ------------------------------
                                 0.0                     io_inst                       
and,((32))             5.0                            1
                                 5.0                     _T_33                         
                                            6.0          _T_33                         
eq,((32))              5.0                            1
                                            1.0          _T_35                         
or,((1,1))             1.0                            1
                                            0.0          _T_42                         
cat,((1,1))            0.0                            1
                                            0.0          _T_67                         
cat,((3,2))            0.0                            0
                                            0.0          io_sigs_cmd                   
==================== ===== =========  =========  ======  ==============================
Node Type            Incr  Arrival    Required   Fanout  Node Name
-------------------- ----- ---------  ---------  ------  ------------------------------
                                 0.0                     io_inst                       
and,((32))             5.0                            1
                                 5.0                     _T_33                         
eq,((32))              5.0                            1
                                10.0                     _T_35                         
                                            1.0          _T_35                         
or,((1,1))             1.0                            1
                                            0.0          _T_42                         
cat,((1,1))            0.0                            1
                                            0.0          _T_67                         
cat,((3,2))            0.0                            0
                                            0.0          io_sigs_cmd                   
==================== ===== =========  =========  ======  ==============================
Node Type            Incr  Arrival    Required   Fanout  Node Name
-------------------- ----- ---------  ---------  ------  ------------------------------
                                 0.0                     io_inst                       
and,((32))             5.0                            1
                                 5.0                     _T_37                         
                                            6.0          _T_37                         
eq,((32))              5.0                            1
                                            1.0          _T_39                         
or,((1,1))             1.0                            1
                                            0.0          _T_42                         
cat,((1,1))            0.0                            1
                                            0.0          _T_67                         
cat,((3,2))            0.0                            0
                                            0.0          io_sigs_cmd                   
==================== ===== =========  =========  ======  ==============================
Node Type            Incr  Arrival    Required   Fanout  Node Name
-------------------- ----- ---------  ---------  ------  ------------------------------
                                 0.0                     io_inst                       
and,((32))             5.0                            1
                                 5.0                     _T_37                         
eq,((32))              5.0                            1
                                10.0                     _T_39                         
                                            1.0          _T_39                         
or,((1,1))             1.0                            1
                                            0.0          _T_42                         
cat,((1,1))            0.0                            1
                                            0.0          _T_67                         
cat,((3,2))            0.0                            0
                                            0.0          io_sigs_cmd                   
==================== ===== =========  =========  ======  ==============================
Node Type            Incr  Arrival    Required   Fanout  Node Name
-------------------- ----- ---------  ---------  ------  ------------------------------
                                 0.0                     io_inst                       
and,((32))             5.0                            1
                                 5.0                     _T_33                         
eq,((32))              5.0                            1
                                10.0                     _T_35                         
or,((1,1))             1.0                            1
                                11.0                     _T_42                         
                                            0.0          _T_42                         
cat,((1,1))            0.0                            1
                                            0.0          _T_67                         
cat,((3,2))            0.0                            0
                                            0.0          io_sigs_cmd                   
==================== ===== =========  =========  ======  ==============================
Node Type            Incr  Arrival    Required   Fanout  Node Name
-------------------- ----- ---------  ---------  ------  ------------------------------
                                 0.0                     io_inst                       
and,((32))             5.0                            2
                                 5.0                     _T_44                         
                                            6.0          _T_44                         
eq,((32))              5.0                            3
                                            1.0          decoder_1                     
or,((1,1))             1.0                            0
                                            0.0          io_sigs_swap12                
==================== ===== =========  =========  ======  ==============================
Node Type            Incr  Arrival    Required   Fanout  Node Name
-------------------- ----- ---------  ---------  ------  ------------------------------
                                 0.0                     io_inst                       
and,((32))             5.0                            1
                                 5.0                     _T_48                         
                                            6.0          _T_48                         
eq,((32))              5.0                            1
                                            1.0          _T_50                         
or,((1,1))             1.0                            1
                                            0.0          _T_53                         
cat,((1))              0.0                            1
                                            0.0          _T_69                         
cat,((3,2))            0.0                            0
                                            0.0          io_sigs_cmd                   
==================== ===== =========  =========  ======  ==============================
Node Type            Incr  Arrival    Required   Fanout  Node Name
-------------------- ----- ---------  ---------  ------  ------------------------------
                                 0.0                     io_inst                       
and,((32))             5.0                            1
                                 5.0                     _T_48                         
eq,((32))              5.0                            1
                                10.0                     _T_50                         
                                            1.0          _T_50                         
or,((1,1))             1.0                            1
                                            0.0          _T_53                         
cat,((1))              0.0                            1
                                            0.0          _T_69                         
cat,((3,2))            0.0                            0
                                            0.0          io_sigs_cmd                   
==================== ===== =========  =========  ======  ==============================
Node Type            Incr  Arrival    Required   Fanout  Node Name
-------------------- ----- ---------  ---------  ------  ------------------------------
                                 0.0                     io_inst                       
and,((32))             5.0                            2
                                 5.0                     _T_44                         
eq,((32))              5.0                            3
                                10.0                     decoder_1                     
or,((1,1))             1.0                            1
                                11.0                     _T_53                         
                                            0.0          _T_53                         
cat,((1))              0.0                            1
                                            0.0          _T_69                         
cat,((3,2))            0.0                            0
                                            0.0          io_sigs_cmd                   
==================== ===== =========  =========  ======  ==============================
Node Type            Incr  Arrival    Required   Fanout  Node Name
-------------------- ----- ---------  ---------  ------  ------------------------------
                                 0.0                     io_inst                       
and,((32))             5.0                            1
                                 5.0                     _T_55                         
                                            6.0          _T_55                         
eq,((32))              5.0                            1
                                            1.0          _T_57                         
or,((1,1))             1.0                            1
                                            0.0          _T_60                         
unknown                0.0                            1
                                            0.0          _T_69                         
cat,((3,2))            0.0                            0
                                            0.0          io_sigs_cmd                   
==================== ===== =========  =========  ======  ==============================
Node Type            Incr  Arrival    Required   Fanout  Node Name
-------------------- ----- ---------  ---------  ------  ------------------------------
                                 0.0                     io_inst                       
and,((32))             5.0                            1
                                 5.0                     _T_55                         
eq,((32))              5.0                            1
                                10.0                     _T_57                         
                                            1.0          _T_57                         
or,((1,1))             1.0                            1
                                            0.0          _T_60                         
unknown                0.0                            1
                                            0.0          _T_69                         
cat,((3,2))            0.0                            0
                                            0.0          io_sigs_cmd                   
==================== ===== =========  =========  ======  ==============================
Node Type            Incr  Arrival    Required   Fanout  Node Name
-------------------- ----- ---------  ---------  ------  ------------------------------
                                 0.0                     io_inst                       
and,((32))             5.0                            2
                                 5.0                     _T_44                         
eq,((32))              5.0                            3
                                10.0                     decoder_1                     
or,((1,1))             1.0                            1
                                11.0                     _T_60                         
                                            0.0          _T_60                         
unknown                0.0                            1
                                            0.0          _T_69                         
cat,((3,2))            0.0                            0
                                            0.0          io_sigs_cmd                   
==================== ===== =========  =========  ======  ==============================
Node Type            Incr  Arrival    Required   Fanout  Node Name
-------------------- ----- ---------  ---------  ------  ------------------------------
                                 0.0                     io_inst                       
and,((32))             5.0                            1
                                 5.0                     _T_33                         
eq,((32))              5.0                            1
                                10.0                     _T_35                         
or,((1,1))             1.0                            1
                                11.0                     _T_42                         
cat,((1,1))            0.0                            1
                                11.0                     _T_67                         
                                            0.0          _T_67                         
cat,((3,2))            0.0                            0
                                            0.0          io_sigs_cmd                   
==================== ===== =========  =========  ======  ==============================
Node Type            Incr  Arrival    Required   Fanout  Node Name
-------------------- ----- ---------  ---------  ------  ------------------------------
                                 0.0                     io_inst                       
and,((32))             5.0                            2
                                 5.0                     _T_44                         
eq,((32))              5.0                            3
                                10.0                     decoder_1                     
or,((1,1))             1.0                            1
                                11.0                     _T_60                         
unknown                0.0                            1
                                11.0                     _T_69                         
                                            0.0          _T_69                         
cat,((3,2))            0.0                            0
                                            0.0          io_sigs_cmd                   
==================== ===== =========  =========  ======  ==============================
Node Type            Incr  Arrival    Required   Fanout  Node Name
-------------------- ----- ---------  ---------  ------  ------------------------------
                                 0.0                     io_inst                       
and,((32))             5.0                            1
                                 5.0                     _T_80                         
                                            6.0          _T_80                         
eq,((32))              5.0                            1
                                            1.0          _T_82                         
or,((1,1))             1.0                            0
                                            0.0          io_sigs_wen                   
==================== ===== =========  =========  ======  ==============================
Node Type            Incr  Arrival    Required   Fanout  Node Name
-------------------- ----- ---------  ---------  ------  ------------------------------
                                 0.0                     io_inst                       
and,((32))             5.0                            1
                                 5.0                     _T_80                         
eq,((32))              5.0                            1
                                10.0                     _T_82                         
                                            1.0          _T_82                         
or,((1,1))             1.0                            0
                                            0.0          io_sigs_wen                   
==================== ===== =========  =========  ======  ==============================
Node Type            Incr  Arrival    Required   Fanout  Node Name
-------------------- ----- ---------  ---------  ------  ------------------------------
                                 0.0                     io_inst                       
and,((32))             5.0                            2
                                 5.0                     _T_44                         
eq,((32))              5.0                            3
                                10.0                     decoder_1                     
                                            1.0          decoder_1                     
or,((1,1))             1.0                            0
                                            0.0          io_sigs_swap12                
==================== ===== =========  =========  ======  ==============================
Node Type            Incr  Arrival    Required   Fanout  Node Name
-------------------- ----- ---------  ---------  ------  ------------------------------
                                 0.0                     io_inst                       
and,((32))             5.0                            2
                                 5.0                     _T_44                         
eq,((32))              5.0                            3
                                10.0                     decoder_1                     
or,((1,1))             1.0                            1
                                11.0                     _T_60                         
unknown                0.0                            1
                                11.0                     _T_69                         
cat,((3,2))            0.0                            0
                                11.0                     io_sigs_cmd                   
                                            0.0          io_sigs_cmd                   
==================== ===== =========  =========  ======  ==============================
Node Type            Incr  Arrival    Required   Fanout  Node Name
-------------------- ----- ---------  ---------  ------  ------------------------------
                                 0.0                     io_inst                       
and,((32))             5.0                            1
                                 5.0                     _T_146                        
eq,((32))              5.0                            1
                                10.0                     _T_148                        
or,((1,1))             1.0                            0
                                11.0                     io_sigs_fastpipe              
                                            0.0          io_sigs_fastpipe              
==================== ===== =========  =========  ======  ==============================
Node Type            Incr  Arrival    Required   Fanout  Node Name
-------------------- ----- ---------  ---------  ------  ------------------------------
                                 0.0                     io_inst                       
and,((32))             5.0                            1
                                 5.0                     _T_125                        
eq,((32))              5.0                            1
                                10.0                     _T_127                        
or,((1,1))             1.0                            0
                                11.0                     io_sigs_single                
                                            0.0          io_sigs_single                
==================== ===== =========  =========  ======  ==============================
Node Type            Incr  Arrival    Required   Fanout  Node Name
-------------------- ----- ---------  ---------  ------  ------------------------------
                                 0.0                     io_inst                       
and,((32))             5.0                            2
                                 5.0                     _T_44                         
eq,((32))              5.0                            3
                                10.0                     decoder_1                     
or,((1,1))             1.0                            0
                                11.0                     io_sigs_swap12                
                                            0.0          io_sigs_swap12                
==================== ===== =========  =========  ======  ==============================
Node Type            Incr  Arrival    Required   Fanout  Node Name
-------------------- ----- ---------  ---------  ------  ------------------------------
                                 0.0                     io_inst                       
and,((32))             5.0                            1
                                 5.0                     _T_106                        
eq,((32))              5.0                            2
                                10.0                     _T_108                        
or,((1,1))             1.0                            0
                                11.0                     io_sigs_toint                 
                                            0.0          io_sigs_toint                 
==================== ===== =========  =========  ======  ==============================
Node Type            Incr  Arrival    Required   Fanout  Node Name
-------------------- ----- ---------  ---------  ------  ------------------------------
                                 0.0                     io_inst                       
and,((32))             5.0                            1
                                 5.0                     _T_120                        
                                            5.0          _T_120                        
eq,((32))              5.0                            0
                                            0.0          io_sigs_swap23                
==================== ===== =========  =========  ======  ==============================
Node Type            Incr  Arrival    Required   Fanout  Node Name
-------------------- ----- ---------  ---------  ------  ------------------------------
                                 0.0                     io_inst                       
and,((32))             5.0                            1
                                 5.0                     _T_167                        
                                            5.0          _T_167                        
eq,((32))              5.0                            0
                                            0.0          io_sigs_div                   
==================== ===== =========  =========  ======  ==============================
Node Type            Incr  Arrival    Required   Fanout  Node Name
-------------------- ----- ---------  ---------  ------  ------------------------------
                                 0.0                     io_inst                       
and,((32))             5.0                            1
                                 5.0                     _T_62                         
                                            5.0          _T_62                         
eq,((32))              5.0                            1
                                            0.0          _T_64                         
unknown                0.0                            1
                                            0.0          _T_69                         
cat,((3,2))            0.0                            0
                                            0.0          io_sigs_cmd                   
==================== ===== =========  =========  ======  ==============================
Node Type            Incr  Arrival    Required   Fanout  Node Name
-------------------- ----- ---------  ---------  ------  ------------------------------
                                 0.0                     io_inst                       
and,((32))             5.0                            1
                                 5.0                     _T_62                         
eq,((32))              5.0                            1
                                10.0                     _T_64                         
                                            0.0          _T_64                         
unknown                0.0                            1
                                            0.0          _T_69                         
cat,((3,2))            0.0                            0
                                            0.0          io_sigs_cmd                   
==================== ===== =========  =========  ======  ==============================
Node Type            Incr  Arrival    Required   Fanout  Node Name
-------------------- ----- ---------  ---------  ------  ------------------------------
                                 0.0                     io_inst                       
and,((32))             5.0                            1
                                 5.0                     _T_167                        
eq,((32))              5.0                            0
                                10.0                     io_sigs_div                   
                                            0.0          io_sigs_div                   
==================== ===== =========  =========  ======  ==============================
Node Type            Incr  Arrival    Required   Fanout  Node Name
-------------------- ----- ---------  ---------  ------  ------------------------------
                                 0.0                     io_inst                       
and,((32))             5.0                            2
                                 5.0                     _T_135                        
eq,((32))              5.0                            0
                                10.0                     io_sigs_fromint               
                                            0.0          io_sigs_fromint               
==================== ===== =========  =========  ======  ==============================
Node Type            Incr  Arrival    Required   Fanout  Node Name
-------------------- ----- ---------  ---------  ------  ------------------------------
                                 0.0                     io_inst                       
and,((32))             5.0                            2
                                 5.0                     _T_44                         
eq,((32))              5.0                            0
                                10.0                     io_sigs_ldst                  
                                            0.0          io_sigs_ldst                  
==================== ===== =========  =========  ======  ==============================
Node Type            Incr  Arrival    Required   Fanout  Node Name
-------------------- ----- ---------  ---------  ------  ------------------------------
                                 0.0                     io_inst                       
and,((32))             5.0                            2
                                 5.0                     _T_95                         
eq,((32))              5.0                            0
                                10.0                     io_sigs_ren3                  
                                            0.0          io_sigs_ren3                  
==================== ===== =========  =========  ======  ==============================
Node Type            Incr  Arrival    Required   Fanout  Node Name
-------------------- ----- ---------  ---------  ------  ------------------------------
                                 0.0                     io_inst                       
and,((32))             5.0                            2
                                 5.0                     _T_150                        
eq,((32))              5.0                            0
                                10.0                     io_sigs_sqrt                  
                                            0.0          io_sigs_sqrt                  
==================== ===== =========  =========  ======  ==============================
Node Type            Incr  Arrival    Required   Fanout  Node Name
-------------------- ----- ---------  ---------  ------  ------------------------------
                                 0.0                     io_inst                       
and,((32))             5.0                            1
                                 5.0                     _T_120                        
eq,((32))              5.0                            0
                                10.0                     io_sigs_swap23                
                                            0.0          io_sigs_swap23                
==================== ===== =========  =========  ======  ==============================
============================================================================
