Worst paths to each PO or Reg:
============================================================================
Path:     0.00  reg_result_s3#ps -> io_result_s3
Node Type            Incr  Arrival    Required   Fanout  Node Name
-------------------- ----- ---------  ---------  ------  ------------------------------
                                 0.0                     reg_result_s3#ps              
copy,((105))           0.0                            0
                                 0.0                     io_result_s3                  
==================== ===== =========  =========  ======  ==============================
Path:     0.00  val_s1#ps -> val_s1#ns
Node Type            Incr  Arrival    Required   Fanout  Node Name
-------------------- ----- ---------  ---------  ------  ------------------------------
                                 0.0                     val_s1#ps                     
unknown                0.0                            0
                                 0.0                     val_s1#ns                     
==================== ===== =========  =========  ======  ==============================
Path:     0.00  val_s2#ps -> val_s2#ns
Node Type            Incr  Arrival    Required   Fanout  Node Name
-------------------- ----- ---------  ---------  ------  ------------------------------
                                 0.0                     val_s2#ps                     
unknown                0.0                            0
                                 0.0                     val_s2#ns                     
==================== ===== =========  =========  ======  ==============================
Path:     1.00  val_s1#ps -> reg_a_s2#ns
Node Type            Incr  Arrival    Required   Fanout  Node Name
-------------------- ----- ---------  ---------  ------  ------------------------------
                                 0.0                     val_s1#ps                     
mux,((1),(54,54))      1.0                            1
                                 1.0                     _GEN_4                        
copy,((54))            0.0                            0
                                 1.0                     reg_a_s2#ns                   
==================== ===== =========  =========  ======  ==============================
Path:     1.00  val_s1#ps -> reg_b_s2#ns
Node Type            Incr  Arrival    Required   Fanout  Node Name
-------------------- ----- ---------  ---------  ------  ------------------------------
                                 0.0                     val_s1#ps                     
mux,((1),(54,54))      1.0                            1
                                 1.0                     _GEN_5                        
copy,((54))            0.0                            0
                                 1.0                     reg_b_s2#ns                   
==================== ===== =========  =========  ======  ==============================
Path:     2.00  io_latch_a_s0 -> reg_a_s1#ns
Node Type            Incr  Arrival    Required   Fanout  Node Name
-------------------- ----- ---------  ---------  ------  ------------------------------
                                 0.0                     io_latch_a_s0                 
mux,((1),(54,54))      1.0                            1
                                 1.0                     _GEN_0                        
mux,((1),(54,54))      1.0                            1
                                 2.0                     _GEN_2                        
copy,((54))            0.0                            0
                                 2.0                     reg_a_s1#ns                   
==================== ===== =========  =========  ======  ==============================
Path:     2.00  io_latch_b_s0 -> reg_b_s1#ns
Node Type            Incr  Arrival    Required   Fanout  Node Name
-------------------- ----- ---------  ---------  ------  ------------------------------
                                 0.0                     io_latch_b_s0                 
mux,((1),(54,54))      1.0                            1
                                 1.0                     _GEN_1                        
mux,((1),(54,54))      1.0                            1
                                 2.0                     _GEN_3                        
copy,((54))            0.0                            0
                                 2.0                     reg_b_s1#ns                   
==================== ===== =========  =========  ======  ==============================
Path:    18.00  reg_a_s2#ps -> reg_result_s3#ns
Node Type            Incr  Arrival    Required   Fanout  Node Name
-------------------- ----- ---------  ---------  ------  ------------------------------
                                 0.0                     reg_a_s2#ps                   
mul,((54,54))         10.0                            1
                                10.0                     _T_23                         
bits,((108))           0.0                            1
                                10.0                     _T_24                         
add,((105,105))        7.0                            1
                                17.0                     _T_25                         
tail,((106))           0.0                            1
                                17.0                     _T_26                         
mux,((1),(105,105))    1.0                            1
                                18.0                     _GEN_6                        
copy,((105))           0.0                            0
                                18.0                     reg_result_s3#ns              
==================== ===== =========  =========  ======  ==============================
============================================================================
Worst paths from each PI or Reg:
============================================================================
Path:     1.00  io_val_s0 -> reg_a_s1#ns
Node Type            Incr  Arrival    Required   Fanout  Node Name
-------------------- ----- ---------  ---------  ------  ------------------------------
                                            1.0          io_val_s0                     
mux,((1),(54,54))      1.0                            1
                                            0.0          _GEN_2                        
copy,((54))            0.0                            0
                                            0.0          reg_a_s1#ns                   
==================== ===== =========  =========  ======  ==============================
Path:     1.00  reg_result_s3#ps -> reg_result_s3#ns
Node Type            Incr  Arrival    Required   Fanout  Node Name
-------------------- ----- ---------  ---------  ------  ------------------------------
                                            1.0          reg_result_s3#ps              
mux,((1),(105,105))    1.0                            1
                                            0.0          _GEN_6                        
copy,((105))           0.0                            0
                                            0.0          reg_result_s3#ns              
==================== ===== =========  =========  ======  ==============================
Path:     1.00  val_s1#ps -> reg_a_s2#ns
Node Type            Incr  Arrival    Required   Fanout  Node Name
-------------------- ----- ---------  ---------  ------  ------------------------------
                                            1.0          val_s1#ps                     
mux,((1),(54,54))      1.0                            1
                                            0.0          _GEN_4                        
copy,((54))            0.0                            0
                                            0.0          reg_a_s2#ns                   
==================== ===== =========  =========  ======  ==============================
Path:     1.00  val_s2#ps -> reg_result_s3#ns
Node Type            Incr  Arrival    Required   Fanout  Node Name
-------------------- ----- ---------  ---------  ------  ------------------------------
                                            1.0          val_s2#ps                     
mux,((1),(105,105))    1.0                            1
                                            0.0          _GEN_6                        
copy,((105))           0.0                            0
                                            0.0          reg_result_s3#ns              
==================== ===== =========  =========  ======  ==============================
Path:     2.00  io_a_s0 -> reg_a_s1#ns
Node Type            Incr  Arrival    Required   Fanout  Node Name
-------------------- ----- ---------  ---------  ------  ------------------------------
                                            2.0          io_a_s0                       
mux,((1),(54,54))      1.0                            1
                                            1.0          _GEN_0                        
mux,((1),(54,54))      1.0                            1
                                            0.0          _GEN_2                        
copy,((54))            0.0                            0
                                            0.0          reg_a_s1#ns                   
==================== ===== =========  =========  ======  ==============================
Path:     2.00  io_b_s0 -> reg_b_s1#ns
Node Type            Incr  Arrival    Required   Fanout  Node Name
-------------------- ----- ---------  ---------  ------  ------------------------------
                                            2.0          io_b_s0                       
mux,((1),(54,54))      1.0                            1
                                            1.0          _GEN_1                        
mux,((1),(54,54))      1.0                            1
                                            0.0          _GEN_3                        
copy,((54))            0.0                            0
                                            0.0          reg_b_s1#ns                   
==================== ===== =========  =========  ======  ==============================
Path:     2.00  io_latch_a_s0 -> reg_a_s1#ns
Node Type            Incr  Arrival    Required   Fanout  Node Name
-------------------- ----- ---------  ---------  ------  ------------------------------
                                            2.0          io_latch_a_s0                 
mux,((1),(54,54))      1.0                            1
                                            1.0          _GEN_0                        
mux,((1),(54,54))      1.0                            1
                                            0.0          _GEN_2                        
copy,((54))            0.0                            0
                                            0.0          reg_a_s1#ns                   
==================== ===== =========  =========  ======  ==============================
Path:     2.00  io_latch_b_s0 -> reg_b_s1#ns
Node Type            Incr  Arrival    Required   Fanout  Node Name
-------------------- ----- ---------  ---------  ------  ------------------------------
                                            2.0          io_latch_b_s0                 
mux,((1),(54,54))      1.0                            1
                                            1.0          _GEN_1                        
mux,((1),(54,54))      1.0                            1
                                            0.0          _GEN_3                        
copy,((54))            0.0                            0
                                            0.0          reg_b_s1#ns                   
==================== ===== =========  =========  ======  ==============================
Path:     2.00  reg_a_s1#ps -> reg_a_s1#ns
Node Type            Incr  Arrival    Required   Fanout  Node Name
-------------------- ----- ---------  ---------  ------  ------------------------------
                                            2.0          reg_a_s1#ps                   
mux,((1),(54,54))      1.0                            1
                                            1.0          _GEN_0                        
mux,((1),(54,54))      1.0                            1
                                            0.0          _GEN_2                        
copy,((54))            0.0                            0
                                            0.0          reg_a_s1#ns                   
==================== ===== =========  =========  ======  ==============================
Path:     2.00  reg_b_s1#ps -> reg_b_s1#ns
Node Type            Incr  Arrival    Required   Fanout  Node Name
-------------------- ----- ---------  ---------  ------  ------------------------------
                                            2.0          reg_b_s1#ps                   
mux,((1),(54,54))      1.0                            1
                                            1.0          _GEN_1                        
mux,((1),(54,54))      1.0                            1
                                            0.0          _GEN_3                        
copy,((54))            0.0                            0
                                            0.0          reg_b_s1#ns                   
==================== ===== =========  =========  ======  ==============================
Path:     8.00  io_c_s2 -> reg_result_s3#ns
Node Type            Incr  Arrival    Required   Fanout  Node Name
-------------------- ----- ---------  ---------  ------  ------------------------------
                                            8.0          io_c_s2                       
add,((105,105))        7.0                            1
                                            1.0          _T_25                         
tail,((106))           0.0                            1
                                            1.0          _T_26                         
mux,((1),(105,105))    1.0                            1
                                            0.0          _GEN_6                        
copy,((105))           0.0                            0
                                            0.0          reg_result_s3#ns              
==================== ===== =========  =========  ======  ==============================
Path:    18.00  reg_a_s2#ps -> reg_result_s3#ns
Node Type            Incr  Arrival    Required   Fanout  Node Name
-------------------- ----- ---------  ---------  ------  ------------------------------
                                           18.0          reg_a_s2#ps                   
mul,((54,54))         10.0                            1
                                            8.0          _T_23                         
bits,((108))           0.0                            1
                                            8.0          _T_24                         
add,((105,105))        7.0                            1
                                            1.0          _T_25                         
tail,((106))           0.0                            1
                                            1.0          _T_26                         
mux,((1),(105,105))    1.0                            1
                                            0.0          _GEN_6                        
copy,((105))           0.0                            0
                                            0.0          reg_result_s3#ns              
==================== ===== =========  =========  ======  ==============================
Path:    18.00  reg_b_s2#ps -> reg_result_s3#ns
Node Type            Incr  Arrival    Required   Fanout  Node Name
-------------------- ----- ---------  ---------  ------  ------------------------------
                                           18.0          reg_b_s2#ps                   
mul,((54,54))         10.0                            1
                                            8.0          _T_23                         
bits,((108))           0.0                            1
                                            8.0          _T_24                         
add,((105,105))        7.0                            1
                                            1.0          _T_25                         
tail,((106))           0.0                            1
                                            1.0          _T_26                         
mux,((1),(105,105))    1.0                            1
                                            0.0          _GEN_6                        
copy,((105))           0.0                            0
                                            0.0          reg_result_s3#ns              
==================== ===== =========  =========  ======  ==============================
============================================================================
Worst paths to and from each node:
============================================================================
Node Type            Incr  Arrival    Required   Fanout  Node Name
-------------------- ----- ---------  ---------  ------  ------------------------------
                                 0.0                     reg_a_s2#ps                   
mul,((54,54))         10.0                            1
                                10.0                     _T_23                         
bits,((108))           0.0                            1
                                10.0                     _T_24                         
add,((105,105))        7.0                            1
                                17.0                     _T_25                         
tail,((106))           0.0                            1
                                17.0                     _T_26                         
mux,((1),(105,105))    1.0                            1
                                18.0                     _GEN_6                        
                                            0.0          _GEN_6                        
copy,((105))           0.0                            0
                                            0.0          reg_result_s3#ns              
==================== ===== =========  =========  ======  ==============================
Node Type            Incr  Arrival    Required   Fanout  Node Name
-------------------- ----- ---------  ---------  ------  ------------------------------
                                 0.0                     reg_a_s2#ps                   
mul,((54,54))         10.0                            1
                                10.0                     _T_23                         
                                            8.0          _T_23                         
bits,((108))           0.0                            1
                                            8.0          _T_24                         
add,((105,105))        7.0                            1
                                            1.0          _T_25                         
tail,((106))           0.0                            1
                                            1.0          _T_26                         
mux,((1),(105,105))    1.0                            1
                                            0.0          _GEN_6                        
copy,((105))           0.0                            0
                                            0.0          reg_result_s3#ns              
==================== ===== =========  =========  ======  ==============================
Node Type            Incr  Arrival    Required   Fanout  Node Name
-------------------- ----- ---------  ---------  ------  ------------------------------
                                 0.0                     reg_a_s2#ps                   
mul,((54,54))         10.0                            1
                                10.0                     _T_23                         
bits,((108))           0.0                            1
                                10.0                     _T_24                         
                                            8.0          _T_24                         
add,((105,105))        7.0                            1
                                            1.0          _T_25                         
tail,((106))           0.0                            1
                                            1.0          _T_26                         
mux,((1),(105,105))    1.0                            1
                                            0.0          _GEN_6                        
copy,((105))           0.0                            0
                                            0.0          reg_result_s3#ns              
==================== ===== =========  =========  ======  ==============================
Node Type            Incr  Arrival    Required   Fanout  Node Name
-------------------- ----- ---------  ---------  ------  ------------------------------
                                 0.0                     reg_a_s2#ps                   
mul,((54,54))         10.0                            1
                                10.0                     _T_23                         
bits,((108))           0.0                            1
                                10.0                     _T_24                         
add,((105,105))        7.0                            1
                                17.0                     _T_25                         
                                            1.0          _T_25                         
tail,((106))           0.0                            1
                                            1.0          _T_26                         
mux,((1),(105,105))    1.0                            1
                                            0.0          _GEN_6                        
copy,((105))           0.0                            0
                                            0.0          reg_result_s3#ns              
==================== ===== =========  =========  ======  ==============================
Node Type            Incr  Arrival    Required   Fanout  Node Name
-------------------- ----- ---------  ---------  ------  ------------------------------
                                 0.0                     reg_a_s2#ps                   
mul,((54,54))         10.0                            1
                                10.0                     _T_23                         
bits,((108))           0.0                            1
                                10.0                     _T_24                         
add,((105,105))        7.0                            1
                                17.0                     _T_25                         
tail,((106))           0.0                            1
                                17.0                     _T_26                         
                                            1.0          _T_26                         
mux,((1),(105,105))    1.0                            1
                                            0.0          _GEN_6                        
copy,((105))           0.0                            0
                                            0.0          reg_result_s3#ns              
==================== ===== =========  =========  ======  ==============================
Node Type            Incr  Arrival    Required   Fanout  Node Name
-------------------- ----- ---------  ---------  ------  ------------------------------
                                 0.0                     reg_a_s2#ps                   
                                           18.0          reg_a_s2#ps                   
mul,((54,54))         10.0                            1
                                            8.0          _T_23                         
bits,((108))           0.0                            1
                                            8.0          _T_24                         
add,((105,105))        7.0                            1
                                            1.0          _T_25                         
tail,((106))           0.0                            1
                                            1.0          _T_26                         
mux,((1),(105,105))    1.0                            1
                                            0.0          _GEN_6                        
copy,((105))           0.0                            0
                                            0.0          reg_result_s3#ns              
==================== ===== =========  =========  ======  ==============================
Node Type            Incr  Arrival    Required   Fanout  Node Name
-------------------- ----- ---------  ---------  ------  ------------------------------
                                 0.0                     reg_b_s2#ps                   
                                           18.0          reg_b_s2#ps                   
mul,((54,54))         10.0                            1
                                            8.0          _T_23                         
bits,((108))           0.0                            1
                                            8.0          _T_24                         
add,((105,105))        7.0                            1
                                            1.0          _T_25                         
tail,((106))           0.0                            1
                                            1.0          _T_26                         
mux,((1),(105,105))    1.0                            1
                                            0.0          _GEN_6                        
copy,((105))           0.0                            0
                                            0.0          reg_result_s3#ns              
==================== ===== =========  =========  ======  ==============================
Node Type            Incr  Arrival    Required   Fanout  Node Name
-------------------- ----- ---------  ---------  ------  ------------------------------
                                 0.0                     reg_a_s2#ps                   
mul,((54,54))         10.0                            1
                                10.0                     _T_23                         
bits,((108))           0.0                            1
                                10.0                     _T_24                         
add,((105,105))        7.0                            1
                                17.0                     _T_25                         
tail,((106))           0.0                            1
                                17.0                     _T_26                         
mux,((1),(105,105))    1.0                            1
                                18.0                     _GEN_6                        
copy,((105))           0.0                            0
                                18.0                     reg_result_s3#ns              
                                            0.0          reg_result_s3#ns              
==================== ===== =========  =========  ======  ==============================
Node Type            Incr  Arrival    Required   Fanout  Node Name
-------------------- ----- ---------  ---------  ------  ------------------------------
                                 0.0                     io_c_s2                       
                                            8.0          io_c_s2                       
add,((105,105))        7.0                            1
                                            1.0          _T_25                         
tail,((106))           0.0                            1
                                            1.0          _T_26                         
mux,((1),(105,105))    1.0                            1
                                            0.0          _GEN_6                        
copy,((105))           0.0                            0
                                            0.0          reg_result_s3#ns              
==================== ===== =========  =========  ======  ==============================
Node Type            Incr  Arrival    Required   Fanout  Node Name
-------------------- ----- ---------  ---------  ------  ------------------------------
                                 0.0                     io_latch_a_s0                 
mux,((1),(54,54))      1.0                            1
                                 1.0                     _GEN_0                        
                                            1.0          _GEN_0                        
mux,((1),(54,54))      1.0                            1
                                            0.0          _GEN_2                        
copy,((54))            0.0                            0
                                            0.0          reg_a_s1#ns                   
==================== ===== =========  =========  ======  ==============================
Node Type            Incr  Arrival    Required   Fanout  Node Name
-------------------- ----- ---------  ---------  ------  ------------------------------
                                 0.0                     io_latch_b_s0                 
mux,((1),(54,54))      1.0                            1
                                 1.0                     _GEN_1                        
                                            1.0          _GEN_1                        
mux,((1),(54,54))      1.0                            1
                                            0.0          _GEN_3                        
copy,((54))            0.0                            0
                                            0.0          reg_b_s1#ns                   
==================== ===== =========  =========  ======  ==============================
Node Type            Incr  Arrival    Required   Fanout  Node Name
-------------------- ----- ---------  ---------  ------  ------------------------------
                                 0.0                     io_latch_a_s0                 
mux,((1),(54,54))      1.0                            1
                                 1.0                     _GEN_0                        
mux,((1),(54,54))      1.0                            1
                                 2.0                     _GEN_2                        
                                            0.0          _GEN_2                        
copy,((54))            0.0                            0
                                            0.0          reg_a_s1#ns                   
==================== ===== =========  =========  ======  ==============================
Node Type            Incr  Arrival    Required   Fanout  Node Name
-------------------- ----- ---------  ---------  ------  ------------------------------
                                 0.0                     io_latch_b_s0                 
mux,((1),(54,54))      1.0                            1
                                 1.0                     _GEN_1                        
mux,((1),(54,54))      1.0                            1
                                 2.0                     _GEN_3                        
                                            0.0          _GEN_3                        
copy,((54))            0.0                            0
                                            0.0          reg_b_s1#ns                   
==================== ===== =========  =========  ======  ==============================
Node Type            Incr  Arrival    Required   Fanout  Node Name
-------------------- ----- ---------  ---------  ------  ------------------------------
                                 0.0                     io_a_s0                       
                                            2.0          io_a_s0                       
mux,((1),(54,54))      1.0                            1
                                            1.0          _GEN_0                        
mux,((1),(54,54))      1.0                            1
                                            0.0          _GEN_2                        
copy,((54))            0.0                            0
                                            0.0          reg_a_s1#ns                   
==================== ===== =========  =========  ======  ==============================
Node Type            Incr  Arrival    Required   Fanout  Node Name
-------------------- ----- ---------  ---------  ------  ------------------------------
                                 0.0                     io_b_s0                       
                                            2.0          io_b_s0                       
mux,((1),(54,54))      1.0                            1
                                            1.0          _GEN_1                        
mux,((1),(54,54))      1.0                            1
                                            0.0          _GEN_3                        
copy,((54))            0.0                            0
                                            0.0          reg_b_s1#ns                   
==================== ===== =========  =========  ======  ==============================
Node Type            Incr  Arrival    Required   Fanout  Node Name
-------------------- ----- ---------  ---------  ------  ------------------------------
                                 0.0                     io_latch_a_s0                 
                                            2.0          io_latch_a_s0                 
mux,((1),(54,54))      1.0                            1
                                            1.0          _GEN_0                        
mux,((1),(54,54))      1.0                            1
                                            0.0          _GEN_2                        
copy,((54))            0.0                            0
                                            0.0          reg_a_s1#ns                   
==================== ===== =========  =========  ======  ==============================
Node Type            Incr  Arrival    Required   Fanout  Node Name
-------------------- ----- ---------  ---------  ------  ------------------------------
                                 0.0                     io_latch_b_s0                 
                                            2.0          io_latch_b_s0                 
mux,((1),(54,54))      1.0                            1
                                            1.0          _GEN_1                        
mux,((1),(54,54))      1.0                            1
                                            0.0          _GEN_3                        
copy,((54))            0.0                            0
                                            0.0          reg_b_s1#ns                   
==================== ===== =========  =========  ======  ==============================
Node Type            Incr  Arrival    Required   Fanout  Node Name
-------------------- ----- ---------  ---------  ------  ------------------------------
                                 0.0                     io_latch_a_s0                 
mux,((1),(54,54))      1.0                            1
                                 1.0                     _GEN_0                        
mux,((1),(54,54))      1.0                            1
                                 2.0                     _GEN_2                        
copy,((54))            0.0                            0
                                 2.0                     reg_a_s1#ns                   
                                            0.0          reg_a_s1#ns                   
==================== ===== =========  =========  ======  ==============================
Node Type            Incr  Arrival    Required   Fanout  Node Name
-------------------- ----- ---------  ---------  ------  ------------------------------
                                 0.0                     reg_a_s1#ps                   
                                            2.0          reg_a_s1#ps                   
mux,((1),(54,54))      1.0                            1
                                            1.0          _GEN_0                        
mux,((1),(54,54))      1.0                            1
                                            0.0          _GEN_2                        
copy,((54))            0.0                            0
                                            0.0          reg_a_s1#ns                   
==================== ===== =========  =========  ======  ==============================
Node Type            Incr  Arrival    Required   Fanout  Node Name
-------------------- ----- ---------  ---------  ------  ------------------------------
                                 0.0                     io_latch_b_s0                 
mux,((1),(54,54))      1.0                            1
                                 1.0                     _GEN_1                        
mux,((1),(54,54))      1.0                            1
                                 2.0                     _GEN_3                        
copy,((54))            0.0                            0
                                 2.0                     reg_b_s1#ns                   
                                            0.0          reg_b_s1#ns                   
==================== ===== =========  =========  ======  ==============================
Node Type            Incr  Arrival    Required   Fanout  Node Name
-------------------- ----- ---------  ---------  ------  ------------------------------
                                 0.0                     reg_b_s1#ps                   
                                            2.0          reg_b_s1#ps                   
mux,((1),(54,54))      1.0                            1
                                            1.0          _GEN_1                        
mux,((1),(54,54))      1.0                            1
                                            0.0          _GEN_3                        
copy,((54))            0.0                            0
                                            0.0          reg_b_s1#ns                   
==================== ===== =========  =========  ======  ==============================
Node Type            Incr  Arrival    Required   Fanout  Node Name
-------------------- ----- ---------  ---------  ------  ------------------------------
                                 0.0                     val_s1#ps                     
mux,((1),(54,54))      1.0                            1
                                 1.0                     _GEN_4                        
                                            0.0          _GEN_4                        
copy,((54))            0.0                            0
                                            0.0          reg_a_s2#ns                   
==================== ===== =========  =========  ======  ==============================
Node Type            Incr  Arrival    Required   Fanout  Node Name
-------------------- ----- ---------  ---------  ------  ------------------------------
                                 0.0                     val_s1#ps                     
mux,((1),(54,54))      1.0                            1
                                 1.0                     _GEN_5                        
                                            0.0          _GEN_5                        
copy,((54))            0.0                            0
                                            0.0          reg_b_s2#ns                   
==================== ===== =========  =========  ======  ==============================
Node Type            Incr  Arrival    Required   Fanout  Node Name
-------------------- ----- ---------  ---------  ------  ------------------------------
                                 0.0                     io_val_s0                     
                                            1.0          io_val_s0                     
mux,((1),(54,54))      1.0                            1
                                            0.0          _GEN_2                        
copy,((54))            0.0                            0
                                            0.0          reg_a_s1#ns                   
==================== ===== =========  =========  ======  ==============================
Node Type            Incr  Arrival    Required   Fanout  Node Name
-------------------- ----- ---------  ---------  ------  ------------------------------
                                 0.0                     val_s1#ps                     
mux,((1),(54,54))      1.0                            1
                                 1.0                     _GEN_4                        
copy,((54))            0.0                            0
                                 1.0                     reg_a_s2#ns                   
                                            0.0          reg_a_s2#ns                   
==================== ===== =========  =========  ======  ==============================
Node Type            Incr  Arrival    Required   Fanout  Node Name
-------------------- ----- ---------  ---------  ------  ------------------------------
                                 0.0                     val_s1#ps                     
mux,((1),(54,54))      1.0                            1
                                 1.0                     _GEN_5                        
copy,((54))            0.0                            0
                                 1.0                     reg_b_s2#ns                   
                                            0.0          reg_b_s2#ns                   
==================== ===== =========  =========  ======  ==============================
Node Type            Incr  Arrival    Required   Fanout  Node Name
-------------------- ----- ---------  ---------  ------  ------------------------------
                                 0.0                     reg_result_s3#ps              
                                            1.0          reg_result_s3#ps              
mux,((1),(105,105))    1.0                            1
                                            0.0          _GEN_6                        
copy,((105))           0.0                            0
                                            0.0          reg_result_s3#ns              
==================== ===== =========  =========  ======  ==============================
Node Type            Incr  Arrival    Required   Fanout  Node Name
-------------------- ----- ---------  ---------  ------  ------------------------------
                                 0.0                     val_s1#ps                     
                                            1.0          val_s1#ps                     
mux,((1),(54,54))      1.0                            1
                                            0.0          _GEN_4                        
copy,((54))            0.0                            0
                                            0.0          reg_a_s2#ns                   
==================== ===== =========  =========  ======  ==============================
Node Type            Incr  Arrival    Required   Fanout  Node Name
-------------------- ----- ---------  ---------  ------  ------------------------------
                                 0.0                     val_s2#ps                     
                                            1.0          val_s2#ps                     
mux,((1),(105,105))    1.0                            1
                                            0.0          _GEN_6                        
copy,((105))           0.0                            0
                                            0.0          reg_result_s3#ns              
==================== ===== =========  =========  ======  ==============================
Node Type            Incr  Arrival    Required   Fanout  Node Name
-------------------- ----- ---------  ---------  ------  ------------------------------
                                 0.0                     reg_result_s3#ps              
copy,((105))           0.0                            0
                                 0.0                     io_result_s3                  
                                            0.0          io_result_s3                  
==================== ===== =========  =========  ======  ==============================
Node Type            Incr  Arrival    Required   Fanout  Node Name
-------------------- ----- ---------  ---------  ------  ------------------------------
                                 0.0                     val_s1#ps                     
unknown                0.0                            0
                                 0.0                     val_s1#ns                     
                                            0.0          val_s1#ns                     
==================== ===== =========  =========  ======  ==============================
Node Type            Incr  Arrival    Required   Fanout  Node Name
-------------------- ----- ---------  ---------  ------  ------------------------------
                                 0.0                     val_s2#ps                     
unknown                0.0                            0
                                 0.0                     val_s2#ns                     
                                            0.0          val_s2#ns                     
==================== ===== =========  =========  ======  ==============================
============================================================================
